// Jest Snapshot v1, https://goo.gl/fbAQLP

exports[`EuiQuickSelect is rendered 1`] = `
<React.Fragment>
  <EuiFlexGroup
    alignItems="center"
    component="div"
    direction="row"
    gutterSize="s"
    justifyContent="flexStart"
    responsive={false}
    wrap={false}
  >
    <EuiFlexItem
      component="div"
      grow={true}
    >
      <EuiTitle
        size="xxxs"
        textTransform="none"
      >
        <span>
          Quick select
        </span>
      </EuiTitle>
    </EuiFlexItem>
    <EuiFlexItem
      component="div"
      grow={false}
    >
      <EuiToolTip
        content="Previous time window"
        delay="regular"
        position="top"
      >
        <EuiButtonIcon
          aria-label="Previous time window"
          color="primary"
          iconSize="m"
          iconType="arrowLeft"
          onClick={[Function]}
          type="button"
        />
      </EuiToolTip>
    </EuiFlexItem>
    <EuiFlexItem
      component="div"
      grow={false}
    >
      <EuiToolTip
        content="Next time window"
        delay="regular"
        position="top"
      >
        <EuiButtonIcon
          aria-label="Next time window"
          color="primary"
          iconSize="m"
          iconType="arrowRight"
          onClick={[Function]}
          type="button"
        />
      </EuiToolTip>
    </EuiFlexItem>
  </EuiFlexGroup>
  <EuiSpacer
    size="s"
  />
  <EuiHorizontalRule
    margin="s"
    size="full"
  />
</React.Fragment>
`;

exports[`EuiQuickSelect prevQuickSelect 1`] = `
<React.Fragment>
  <EuiFlexGroup
    alignItems="center"
    component="div"
    direction="row"
    gutterSize="s"
    justifyContent="flexStart"
    responsive={false}
    wrap={false}
  >
    <EuiFlexItem
      component="div"
      grow={true}
    >
      <EuiTitle
        size="xxxs"
        textTransform="none"
      >
        <span>
          Quick select
        </span>
      </EuiTitle>
    </EuiFlexItem>
    <EuiFlexItem
      component="div"
      grow={false}
    >
      <EuiToolTip
        content="Previous time window"
        delay="regular"
        position="top"
      >
        <EuiButtonIcon
          aria-label="Previous time window"
          color="primary"
          iconSize="m"
          iconType="arrowLeft"
          onClick={[Function]}
          type="button"
        />
      </EuiToolTip>
    </EuiFlexItem>
    <EuiFlexItem
      component="div"
      grow={false}
    >
      <EuiToolTip
        content="Next time window"
        delay="regular"
        position="top"
      >
        <EuiButtonIcon
          aria-label="Next time window"
          color="primary"
          iconSize="m"
          iconType="arrowRight"
          onClick={[Function]}
          type="button"
        />
      </EuiToolTip>
    </EuiFlexItem>
  </EuiFlexGroup>
  <EuiSpacer
    size="s"
  />
  <EuiHorizontalRule
    margin="s"
    size="full"
  />
</React.Fragment>
`;
